<?xml version="1.0" encoding="utf-8"?><testsuites name="pytest tests"><testsuite name="pytest" errors="0" failures="0" skipped="0" tests="11" time="25.562" timestamp="2026-05-24T16:19:30.270288+08:00" hostname="DESKTOP-AM8HFH1"><testcase classname="test_dummyjson_api" name="test_get_product_by_id[1]" time="2.725" /><testcase classname="test_dummyjson_api" name="test_get_product_by_id[2]" time="2.236" /><testcase classname="test_dummyjson_api" name="test_get_product_by_id[3]" time="1.439" /><testcase classname="test_dummyjson_api" name="test_search_products[phone]" time="3.900" /><testcase classname="test_dummyjson_api" name="test_search_products[laptop]" time="1.410" /><testcase classname="test_dummyjson_api" name="test_search_products[fragrance]" time="1.195" /><testcase classname="test_dummyjson_api" name="test_invalid_product_id" time="1.268" /><testcase classname="test_dummyjson_api" name="test_get_user_by_id[1]" time="2.280" /><testcase classname="test_dummyjson_api" name="test_get_user_by_id[2]" time="1.168" /><testcase classname="test_dummyjson_api" name="test_get_user_by_id[3]" time="2.558" /><testcase classname="test_dummyjson_api" name="test_invalid_user_id" time="5.219" /></testsuite></testsuites>